// Jest Snapshot v1, https://goo.gl/fbAQLP

exports[`Footer should match the default snapshot 1`] = `
ShallowWrapper {
  Symbol(enzyme.__root__): [Circular],
  Symbol(enzyme.__unrendered__): <Footer />,
  Symbol(enzyme.__renderer__): Object {
    "batchedUpdates": [Function],
    "checkPropTypes": [Function],
    "getNode": [Function],
    "render": [Function],
    "simulateError": [Function],
    "simulateEvent": [Function],
    "unmount": [Function],
  },
  Symbol(enzyme.__node__): Object {
    "instance": null,
    "key": undefined,
    "nodeType": "host",
    "props": Object {
      "children": Array [
        <section
          className="subscribe-section"
        >
          <h3>
            Subscribe for tour updates and more!
          </h3>
          <MailchimpSubscribe
            render={[Function]}
            url="https://madwallace.us17.list-manage.com/subscribe/post?u=f8fb81c993f8ecc4aaa9dde81&amp;id=2824a93352"
          />
          <div
            className="social-container"
          >
            <a
              href="https://www.facebook.com/madwallaceband/"
              rel="noopener noreferrer"
              target="_blank"
            >
              <i
                className="fab fa-facebook-square"
              />
            </a>
            <a
              href="https://www.instagram.com/mad.wallace/"
              rel="noopener noreferrer"
              target="_blank"
            >
              <i
                className="fab fa-instagram"
              />
            </a>
            <a
              href="https://open.spotify.com/artist/6H2CmXWubR7YVd6n1hlXq7"
              rel="noopener noreferrer"
              target="_blank"
            >
              <i
                className="fab fa-spotify"
              />
            </a>
            <a
              href="mailto:madwallaceband@gmail.com"
            >
              <i
                className="fas fa-envelope"
              />
            </a>
            <a
              href="https://www.youtube.com/channel/UC6N29y6h0Fqh7VmEObN6LHA"
              rel="noopener noreferrer"
              target="_blank"
            >
              <i
                className="fab fa-youtube"
              />
            </a>
            <a
              href="https://www.youtube.com/watch?v=_lvB2tHSEG4"
              rel="noopener noreferrer"
              target="_blank"
            >
              <i
                className="fas fa-bath"
              />
            </a>
          </div>
        </section>,
        <section
          className="sub-footer"
        >
          <img
            alt="blue mad wallace logo"
            src="./assets/blue-logo.png"
          />
          <p>
            Â© Mad Wallace 2020
          </p>
        </section>,
      ],
    },
    "ref": null,
    "rendered": Array [
      Object {
        "instance": null,
        "key": undefined,
        "nodeType": "host",
        "props": Object {
          "children": Array [
            <h3>
              Subscribe for tour updates and more!
            </h3>,
            <MailchimpSubscribe
              render={[Function]}
              url="https://madwallace.us17.list-manage.com/subscribe/post?u=f8fb81c993f8ecc4aaa9dde81&amp;id=2824a93352"
            />,
            <div
              className="social-container"
            >
              <a
                href="https://www.facebook.com/madwallaceband/"
                rel="noopener noreferrer"
                target="_blank"
              >
                <i
                  className="fab fa-facebook-square"
                />
              </a>
              <a
                href="https://www.instagram.com/mad.wallace/"
                rel="noopener noreferrer"
                target="_blank"
              >
                <i
                  className="fab fa-instagram"
                />
              </a>
              <a
                href="https://open.spotify.com/artist/6H2CmXWubR7YVd6n1hlXq7"
                rel="noopener noreferrer"
                target="_blank"
              >
                <i
                  className="fab fa-spotify"
                />
              </a>
              <a
                href="mailto:madwallaceband@gmail.com"
              >
                <i
                  className="fas fa-envelope"
                />
              </a>
              <a
                href="https://www.youtube.com/channel/UC6N29y6h0Fqh7VmEObN6LHA"
                rel="noopener noreferrer"
                target="_blank"
              >
                <i
                  className="fab fa-youtube"
                />
              </a>
              <a
                href="https://www.youtube.com/watch?v=_lvB2tHSEG4"
                rel="noopener noreferrer"
                target="_blank"
              >
                <i
                  className="fas fa-bath"
                />
              </a>
            </div>,
          ],
          "className": "subscribe-section",
        },
        "ref": null,
        "rendered": Array [
          Object {
            "instance": null,
            "key": undefined,
            "nodeType": "host",
            "props": Object {
              "children": "Subscribe for tour updates and more!",
            },
            "ref": null,
            "rendered": "Subscribe for tour updates and more!",
            "type": "h3",
          },
          Object {
            "instance": null,
            "key": undefined,
            "nodeType": "class",
            "props": Object {
              "render": [Function],
              "url": "https://madwallace.us17.list-manage.com/subscribe/post?u=f8fb81c993f8ecc4aaa9dde81&amp;id=2824a93352",
            },
            "ref": null,
            "rendered": null,
            "type": [Function],
          },
          Object {
            "instance": null,
            "key": undefined,
            "nodeType": "host",
            "props": Object {
              "children": Array [
                <a
                  href="https://www.facebook.com/madwallaceband/"
                  rel="noopener noreferrer"
                  target="_blank"
                >
                  <i
                    className="fab fa-facebook-square"
                  />
                </a>,
                <a
                  href="https://www.instagram.com/mad.wallace/"
                  rel="noopener noreferrer"
                  target="_blank"
                >
                  <i
                    className="fab fa-instagram"
                  />
                </a>,
                <a
                  href="https://open.spotify.com/artist/6H2CmXWubR7YVd6n1hlXq7"
                  rel="noopener noreferrer"
                  target="_blank"
                >
                  <i
                    className="fab fa-spotify"
                  />
                </a>,
                <a
                  href="mailto:madwallaceband@gmail.com"
                >
                  <i
                    className="fas fa-envelope"
                  />
                </a>,
                <a
                  href="https://www.youtube.com/channel/UC6N29y6h0Fqh7VmEObN6LHA"
                  rel="noopener noreferrer"
                  target="_blank"
                >
                  <i
                    className="fab fa-youtube"
                  />
                </a>,
                <a
                  href="https://www.youtube.com/watch?v=_lvB2tHSEG4"
                  rel="noopener noreferrer"
                  target="_blank"
                >
                  <i
                    className="fas fa-bath"
                  />
                </a>,
              ],
              "className": "social-container",
            },
            "ref": null,
            "rendered": Array [
              Object {
                "instance": null,
                "key": undefined,
                "nodeType": "host",
                "props": Object {
                  "children": <i
                    className="fab fa-facebook-square"
                  />,
                  "href": "https://www.facebook.com/madwallaceband/",
                  "rel": "noopener noreferrer",
                  "target": "_blank",
                },
                "ref": null,
                "rendered": Object {
                  "instance": null,
                  "key": undefined,
                  "nodeType": "host",
                  "props": Object {
                    "className": "fab fa-facebook-square",
                  },
                  "ref": null,
                  "rendered": null,
                  "type": "i",
                },
                "type": "a",
              },
              Object {
                "instance": null,
                "key": undefined,
                "nodeType": "host",
                "props": Object {
                  "children": <i
                    className="fab fa-instagram"
                  />,
                  "href": "https://www.instagram.com/mad.wallace/",
                  "rel": "noopener noreferrer",
                  "target": "_blank",
                },
                "ref": null,
                "rendered": Object {
                  "instance": null,
                  "key": undefined,
                  "nodeType": "host",
                  "props": Object {
                    "className": "fab fa-instagram",
                  },
                  "ref": null,
                  "rendered": null,
                  "type": "i",
                },
                "type": "a",
              },
              Object {
                "instance": null,
                "key": undefined,
                "nodeType": "host",
                "props": Object {
                  "children": <i
                    className="fab fa-spotify"
                  />,
                  "href": "https://open.spotify.com/artist/6H2CmXWubR7YVd6n1hlXq7",
                  "rel": "noopener noreferrer",
                  "target": "_blank",
                },
                "ref": null,
                "rendered": Object {
                  "instance": null,
                  "key": undefined,
                  "nodeType": "host",
                  "props": Object {
                    "className": "fab fa-spotify",
                  },
                  "ref": null,
                  "rendered": null,
                  "type": "i",
                },
                "type": "a",
              },
              Object {
                "instance": null,
                "key": undefined,
                "nodeType": "host",
                "props": Object {
                  "children": <i
                    className="fas fa-envelope"
                  />,
                  "href": "mailto:madwallaceband@gmail.com",
                },
                "ref": null,
                "rendered": Object {
                  "instance": null,
                  "key": undefined,
                  "nodeType": "host",
                  "props": Object {
                    "className": "fas fa-envelope",
                  },
                  "ref": null,
                  "rendered": null,
                  "type": "i",
                },
                "type": "a",
              },
              Object {
                "instance": null,
                "key": undefined,
                "nodeType": "host",
                "props": Object {
                  "children": <i
                    className="fab fa-youtube"
                  />,
                  "href": "https://www.youtube.com/channel/UC6N29y6h0Fqh7VmEObN6LHA",
                  "rel": "noopener noreferrer",
                  "target": "_blank",
                },
                "ref": null,
                "rendered": Object {
                  "instance": null,
                  "key": undefined,
                  "nodeType": "host",
                  "props": Object {
                    "className": "fab fa-youtube",
                  },
                  "ref": null,
                  "rendered": null,
                  "type": "i",
                },
                "type": "a",
              },
              Object {
                "instance": null,
                "key": undefined,
                "nodeType": "host",
                "props": Object {
                  "children": <i
                    className="fas fa-bath"
                  />,
                  "href": "https://www.youtube.com/watch?v=_lvB2tHSEG4",
                  "rel": "noopener noreferrer",
                  "target": "_blank",
                },
                "ref": null,
                "rendered": Object {
                  "instance": null,
                  "key": undefined,
                  "nodeType": "host",
                  "props": Object {
                    "className": "fas fa-bath",
                  },
                  "ref": null,
                  "rendered": null,
                  "type": "i",
                },
                "type": "a",
              },
            ],
            "type": "div",
          },
        ],
        "type": "section",
      },
      Object {
        "instance": null,
        "key": undefined,
        "nodeType": "host",
        "props": Object {
          "children": Array [
            <img
              alt="blue mad wallace logo"
              src="./assets/blue-logo.png"
            />,
            <p>
              Â© Mad Wallace 2020
            </p>,
          ],
          "className": "sub-footer",
        },
        "ref": null,
        "rendered": Array [
          Object {
            "instance": null,
            "key": undefined,
            "nodeType": "host",
            "props": Object {
              "alt": "blue mad wallace logo",
              "src": "./assets/blue-logo.png",
            },
            "ref": null,
            "rendered": null,
            "type": "img",
          },
          Object {
            "instance": null,
            "key": undefined,
            "nodeType": "host",
            "props": Object {
              "children": "Â© Mad Wallace 2020",
            },
            "ref": null,
            "rendered": "Â© Mad Wallace 2020",
            "type": "p",
          },
        ],
        "type": "section",
      },
    ],
    "type": "footer",
  },
  Symbol(enzyme.__nodes__): Array [
    Object {
      "instance": null,
      "key": undefined,
      "nodeType": "host",
      "props": Object {
        "children": Array [
          <section
            className="subscribe-section"
          >
            <h3>
              Subscribe for tour updates and more!
            </h3>
            <MailchimpSubscribe
              render={[Function]}
              url="https://madwallace.us17.list-manage.com/subscribe/post?u=f8fb81c993f8ecc4aaa9dde81&amp;id=2824a93352"
            />
            <div
              className="social-container"
            >
              <a
                href="https://www.facebook.com/madwallaceband/"
                rel="noopener noreferrer"
                target="_blank"
              >
                <i
                  className="fab fa-facebook-square"
                />
              </a>
              <a
                href="https://www.instagram.com/mad.wallace/"
                rel="noopener noreferrer"
                target="_blank"
              >
                <i
                  className="fab fa-instagram"
                />
              </a>
              <a
                href="https://open.spotify.com/artist/6H2CmXWubR7YVd6n1hlXq7"
                rel="noopener noreferrer"
                target="_blank"
              >
                <i
                  className="fab fa-spotify"
                />
              </a>
              <a
                href="mailto:madwallaceband@gmail.com"
              >
                <i
                  className="fas fa-envelope"
                />
              </a>
              <a
                href="https://www.youtube.com/channel/UC6N29y6h0Fqh7VmEObN6LHA"
                rel="noopener noreferrer"
                target="_blank"
              >
                <i
                  className="fab fa-youtube"
                />
              </a>
              <a
                href="https://www.youtube.com/watch?v=_lvB2tHSEG4"
                rel="noopener noreferrer"
                target="_blank"
              >
                <i
                  className="fas fa-bath"
                />
              </a>
            </div>
          </section>,
          <section
            className="sub-footer"
          >
            <img
              alt="blue mad wallace logo"
              src="./assets/blue-logo.png"
            />
            <p>
              Â© Mad Wallace 2020
            </p>
          </section>,
        ],
      },
      "ref": null,
      "rendered": Array [
        Object {
          "instance": null,
          "key": undefined,
          "nodeType": "host",
          "props": Object {
            "children": Array [
              <h3>
                Subscribe for tour updates and more!
              </h3>,
              <MailchimpSubscribe
                render={[Function]}
                url="https://madwallace.us17.list-manage.com/subscribe/post?u=f8fb81c993f8ecc4aaa9dde81&amp;id=2824a93352"
              />,
              <div
                className="social-container"
              >
                <a
                  href="https://www.facebook.com/madwallaceband/"
                  rel="noopener noreferrer"
                  target="_blank"
                >
                  <i
                    className="fab fa-facebook-square"
                  />
                </a>
                <a
                  href="https://www.instagram.com/mad.wallace/"
                  rel="noopener noreferrer"
                  target="_blank"
                >
                  <i
                    className="fab fa-instagram"
                  />
                </a>
                <a
                  href="https://open.spotify.com/artist/6H2CmXWubR7YVd6n1hlXq7"
                  rel="noopener noreferrer"
                  target="_blank"
                >
                  <i
                    className="fab fa-spotify"
                  />
                </a>
                <a
                  href="mailto:madwallaceband@gmail.com"
                >
                  <i
                    className="fas fa-envelope"
                  />
                </a>
                <a
                  href="https://www.youtube.com/channel/UC6N29y6h0Fqh7VmEObN6LHA"
                  rel="noopener noreferrer"
                  target="_blank"
                >
                  <i
                    className="fab fa-youtube"
                  />
                </a>
                <a
                  href="https://www.youtube.com/watch?v=_lvB2tHSEG4"
                  rel="noopener noreferrer"
                  target="_blank"
                >
                  <i
                    className="fas fa-bath"
                  />
                </a>
              </div>,
            ],
            "className": "subscribe-section",
          },
          "ref": null,
          "rendered": Array [
            Object {
              "instance": null,
              "key": undefined,
              "nodeType": "host",
              "props": Object {
                "children": "Subscribe for tour updates and more!",
              },
              "ref": null,
              "rendered": "Subscribe for tour updates and more!",
              "type": "h3",
            },
            Object {
              "instance": null,
              "key": undefined,
              "nodeType": "class",
              "props": Object {
                "render": [Function],
                "url": "https://madwallace.us17.list-manage.com/subscribe/post?u=f8fb81c993f8ecc4aaa9dde81&amp;id=2824a93352",
              },
              "ref": null,
              "rendered": null,
              "type": [Function],
            },
            Object {
              "instance": null,
              "key": undefined,
              "nodeType": "host",
              "props": Object {
                "children": Array [
                  <a
                    href="https://www.facebook.com/madwallaceband/"
                    rel="noopener noreferrer"
                    target="_blank"
                  >
                    <i
                      className="fab fa-facebook-square"
                    />
                  </a>,
                  <a
                    href="https://www.instagram.com/mad.wallace/"
                    rel="noopener noreferrer"
                    target="_blank"
                  >
                    <i
                      className="fab fa-instagram"
                    />
                  </a>,
                  <a
                    href="https://open.spotify.com/artist/6H2CmXWubR7YVd6n1hlXq7"
                    rel="noopener noreferrer"
                    target="_blank"
                  >
                    <i
                      className="fab fa-spotify"
                    />
                  </a>,
                  <a
                    href="mailto:madwallaceband@gmail.com"
                  >
                    <i
                      className="fas fa-envelope"
                    />
                  </a>,
                  <a
                    href="https://www.youtube.com/channel/UC6N29y6h0Fqh7VmEObN6LHA"
                    rel="noopener noreferrer"
                    target="_blank"
                  >
                    <i
                      className="fab fa-youtube"
                    />
                  </a>,
                  <a
                    href="https://www.youtube.com/watch?v=_lvB2tHSEG4"
                    rel="noopener noreferrer"
                    target="_blank"
                  >
                    <i
                      className="fas fa-bath"
                    />
                  </a>,
                ],
                "className": "social-container",
              },
              "ref": null,
              "rendered": Array [
                Object {
                  "instance": null,
                  "key": undefined,
                  "nodeType": "host",
                  "props": Object {
                    "children": <i
                      className="fab fa-facebook-square"
                    />,
                    "href": "https://www.facebook.com/madwallaceband/",
                    "rel": "noopener noreferrer",
                    "target": "_blank",
                  },
                  "ref": null,
                  "rendered": Object {
                    "instance": null,
                    "key": undefined,
                    "nodeType": "host",
                    "props": Object {
                      "className": "fab fa-facebook-square",
                    },
                    "ref": null,
                    "rendered": null,
                    "type": "i",
                  },
                  "type": "a",
                },
                Object {
                  "instance": null,
                  "key": undefined,
                  "nodeType": "host",
                  "props": Object {
                    "children": <i
                      className="fab fa-instagram"
                    />,
                    "href": "https://www.instagram.com/mad.wallace/",
                    "rel": "noopener noreferrer",
                    "target": "_blank",
                  },
                  "ref": null,
                  "rendered": Object {
                    "instance": null,
                    "key": undefined,
                    "nodeType": "host",
                    "props": Object {
                      "className": "fab fa-instagram",
                    },
                    "ref": null,
                    "rendered": null,
                    "type": "i",
                  },
                  "type": "a",
                },
                Object {
                  "instance": null,
                  "key": undefined,
                  "nodeType": "host",
                  "props": Object {
                    "children": <i
                      className="fab fa-spotify"
                    />,
                    "href": "https://open.spotify.com/artist/6H2CmXWubR7YVd6n1hlXq7",
                    "rel": "noopener noreferrer",
                    "target": "_blank",
                  },
                  "ref": null,
                  "rendered": Object {
                    "instance": null,
                    "key": undefined,
                    "nodeType": "host",
                    "props": Object {
                      "className": "fab fa-spotify",
                    },
                    "ref": null,
                    "rendered": null,
                    "type": "i",
                  },
                  "type": "a",
                },
                Object {
                  "instance": null,
                  "key": undefined,
                  "nodeType": "host",
                  "props": Object {
                    "children": <i
                      className="fas fa-envelope"
                    />,
                    "href": "mailto:madwallaceband@gmail.com",
                  },
                  "ref": null,
                  "rendered": Object {
                    "instance": null,
                    "key": undefined,
                    "nodeType": "host",
                    "props": Object {
                      "className": "fas fa-envelope",
                    },
                    "ref": null,
                    "rendered": null,
                    "type": "i",
                  },
                  "type": "a",
                },
                Object {
                  "instance": null,
                  "key": undefined,
                  "nodeType": "host",
                  "props": Object {
                    "children": <i
                      className="fab fa-youtube"
                    />,
                    "href": "https://www.youtube.com/channel/UC6N29y6h0Fqh7VmEObN6LHA",
                    "rel": "noopener noreferrer",
                    "target": "_blank",
                  },
                  "ref": null,
                  "rendered": Object {
                    "instance": null,
                    "key": undefined,
                    "nodeType": "host",
                    "props": Object {
                      "className": "fab fa-youtube",
                    },
                    "ref": null,
                    "rendered": null,
                    "type": "i",
                  },
                  "type": "a",
                },
                Object {
                  "instance": null,
                  "key": undefined,
                  "nodeType": "host",
                  "props": Object {
                    "children": <i
                      className="fas fa-bath"
                    />,
                    "href": "https://www.youtube.com/watch?v=_lvB2tHSEG4",
                    "rel": "noopener noreferrer",
                    "target": "_blank",
                  },
                  "ref": null,
                  "rendered": Object {
                    "instance": null,
                    "key": undefined,
                    "nodeType": "host",
                    "props": Object {
                      "className": "fas fa-bath",
                    },
                    "ref": null,
                    "rendered": null,
                    "type": "i",
                  },
                  "type": "a",
                },
              ],
              "type": "div",
            },
          ],
          "type": "section",
        },
        Object {
          "instance": null,
          "key": undefined,
          "nodeType": "host",
          "props": Object {
            "children": Array [
              <img
                alt="blue mad wallace logo"
                src="./assets/blue-logo.png"
              />,
              <p>
                Â© Mad Wallace 2020
              </p>,
            ],
            "className": "sub-footer",
          },
          "ref": null,
          "rendered": Array [
            Object {
              "instance": null,
              "key": undefined,
              "nodeType": "host",
              "props": Object {
                "alt": "blue mad wallace logo",
                "src": "./assets/blue-logo.png",
              },
              "ref": null,
              "rendered": null,
              "type": "img",
            },
            Object {
              "instance": null,
              "key": undefined,
              "nodeType": "host",
              "props": Object {
                "children": "Â© Mad Wallace 2020",
              },
              "ref": null,
              "rendered": "Â© Mad Wallace 2020",
              "type": "p",
            },
          ],
          "type": "section",
        },
      ],
      "type": "footer",
    },
  ],
  Symbol(enzyme.__options__): Object {
    "adapter": ReactSixteenAdapter {
      "options": Object {
        "enableComponentDidUpdateOnSetState": true,
        "legacyContextMode": "parent",
        "lifecycles": Object {
          "componentDidUpdate": Object {
            "onSetState": true,
          },
          "getChildContext": Object {
            "calledByRenderer": false,
          },
          "getDerivedStateFromProps": true,
          "getSnapshotBeforeUpdate": true,
          "setState": Object {
            "skipsComponentDidUpdateOnNullish": true,
          },
        },
      },
    },
  },
}
`;
