// Jest Snapshot v1, https://goo.gl/fbAQLP

exports[`Contact should match the snapshot 1`] = `
ShallowWrapper {
  Symbol(enzyme.__root__): [Circular],
  Symbol(enzyme.__unrendered__): <Contact />,
  Symbol(enzyme.__renderer__): Object {
    "batchedUpdates": [Function],
    "checkPropTypes": [Function],
    "getNode": [Function],
    "render": [Function],
    "simulateError": [Function],
    "simulateEvent": [Function],
    "unmount": [Function],
  },
  Symbol(enzyme.__node__): Object {
    "instance": null,
    "key": undefined,
    "nodeType": "host",
    "props": Object {
      "children": Array [
        <h1>
          contact
        </h1>,
        <div
          className="contact-container"
        >
          <h4>
            for booking, merch, and general inquiries email us at:
          </h4>
          <h3>
            <a
              href="mailto:madwallaceband@gmail.com?subject=Hello Mad Wallace!"
            >
              madwallaceband@gmail.com
            </a>
          </h3>
          <Link
            replace={false}
            to="/presskit"
          >
            <button>
              View EPK
            </button>
          </Link>
        </div>,
      ],
      "className": "contact-page",
    },
    "ref": null,
    "rendered": Array [
      Object {
        "instance": null,
        "key": undefined,
        "nodeType": "host",
        "props": Object {
          "children": "contact",
        },
        "ref": null,
        "rendered": "contact",
        "type": "h1",
      },
      Object {
        "instance": null,
        "key": undefined,
        "nodeType": "host",
        "props": Object {
          "children": Array [
            <h4>
              for booking, merch, and general inquiries email us at:
            </h4>,
            <h3>
              <a
                href="mailto:madwallaceband@gmail.com?subject=Hello Mad Wallace!"
              >
                madwallaceband@gmail.com
              </a>
            </h3>,
            <Link
              replace={false}
              to="/presskit"
            >
              <button>
                View EPK
              </button>
            </Link>,
          ],
          "className": "contact-container",
        },
        "ref": null,
        "rendered": Array [
          Object {
            "instance": null,
            "key": undefined,
            "nodeType": "host",
            "props": Object {
              "children": "for booking, merch, and general inquiries email us at:",
            },
            "ref": null,
            "rendered": "for booking, merch, and general inquiries email us at:",
            "type": "h4",
          },
          Object {
            "instance": null,
            "key": undefined,
            "nodeType": "host",
            "props": Object {
              "children": <a
                href="mailto:madwallaceband@gmail.com?subject=Hello Mad Wallace!"
              >
                madwallaceband@gmail.com
              </a>,
            },
            "ref": null,
            "rendered": Object {
              "instance": null,
              "key": undefined,
              "nodeType": "host",
              "props": Object {
                "children": "madwallaceband@gmail.com",
                "href": "mailto:madwallaceband@gmail.com?subject=Hello Mad Wallace!",
              },
              "ref": null,
              "rendered": "madwallaceband@gmail.com",
              "type": "a",
            },
            "type": "h3",
          },
          Object {
            "instance": null,
            "key": undefined,
            "nodeType": "class",
            "props": Object {
              "children": <button>
                View EPK
              </button>,
              "replace": false,
              "to": "/presskit",
            },
            "ref": null,
            "rendered": Object {
              "instance": null,
              "key": undefined,
              "nodeType": "host",
              "props": Object {
                "children": "View EPK",
              },
              "ref": null,
              "rendered": "View EPK",
              "type": "button",
            },
            "type": [Function],
          },
        ],
        "type": "div",
      },
    ],
    "type": "section",
  },
  Symbol(enzyme.__nodes__): Array [
    Object {
      "instance": null,
      "key": undefined,
      "nodeType": "host",
      "props": Object {
        "children": Array [
          <h1>
            contact
          </h1>,
          <div
            className="contact-container"
          >
            <h4>
              for booking, merch, and general inquiries email us at:
            </h4>
            <h3>
              <a
                href="mailto:madwallaceband@gmail.com?subject=Hello Mad Wallace!"
              >
                madwallaceband@gmail.com
              </a>
            </h3>
            <Link
              replace={false}
              to="/presskit"
            >
              <button>
                View EPK
              </button>
            </Link>
          </div>,
        ],
        "className": "contact-page",
      },
      "ref": null,
      "rendered": Array [
        Object {
          "instance": null,
          "key": undefined,
          "nodeType": "host",
          "props": Object {
            "children": "contact",
          },
          "ref": null,
          "rendered": "contact",
          "type": "h1",
        },
        Object {
          "instance": null,
          "key": undefined,
          "nodeType": "host",
          "props": Object {
            "children": Array [
              <h4>
                for booking, merch, and general inquiries email us at:
              </h4>,
              <h3>
                <a
                  href="mailto:madwallaceband@gmail.com?subject=Hello Mad Wallace!"
                >
                  madwallaceband@gmail.com
                </a>
              </h3>,
              <Link
                replace={false}
                to="/presskit"
              >
                <button>
                  View EPK
                </button>
              </Link>,
            ],
            "className": "contact-container",
          },
          "ref": null,
          "rendered": Array [
            Object {
              "instance": null,
              "key": undefined,
              "nodeType": "host",
              "props": Object {
                "children": "for booking, merch, and general inquiries email us at:",
              },
              "ref": null,
              "rendered": "for booking, merch, and general inquiries email us at:",
              "type": "h4",
            },
            Object {
              "instance": null,
              "key": undefined,
              "nodeType": "host",
              "props": Object {
                "children": <a
                  href="mailto:madwallaceband@gmail.com?subject=Hello Mad Wallace!"
                >
                  madwallaceband@gmail.com
                </a>,
              },
              "ref": null,
              "rendered": Object {
                "instance": null,
                "key": undefined,
                "nodeType": "host",
                "props": Object {
                  "children": "madwallaceband@gmail.com",
                  "href": "mailto:madwallaceband@gmail.com?subject=Hello Mad Wallace!",
                },
                "ref": null,
                "rendered": "madwallaceband@gmail.com",
                "type": "a",
              },
              "type": "h3",
            },
            Object {
              "instance": null,
              "key": undefined,
              "nodeType": "class",
              "props": Object {
                "children": <button>
                  View EPK
                </button>,
                "replace": false,
                "to": "/presskit",
              },
              "ref": null,
              "rendered": Object {
                "instance": null,
                "key": undefined,
                "nodeType": "host",
                "props": Object {
                  "children": "View EPK",
                },
                "ref": null,
                "rendered": "View EPK",
                "type": "button",
              },
              "type": [Function],
            },
          ],
          "type": "div",
        },
      ],
      "type": "section",
    },
  ],
  Symbol(enzyme.__options__): Object {
    "adapter": ReactSixteenAdapter {
      "options": Object {
        "enableComponentDidUpdateOnSetState": true,
        "legacyContextMode": "parent",
        "lifecycles": Object {
          "componentDidUpdate": Object {
            "onSetState": true,
          },
          "getChildContext": Object {
            "calledByRenderer": false,
          },
          "getDerivedStateFromProps": true,
          "getSnapshotBeforeUpdate": true,
          "setState": Object {
            "skipsComponentDidUpdateOnNullish": true,
          },
        },
      },
    },
  },
}
`;
